// Jest Snapshot v1, https://goo.gl/fbAQLP

exports[`rust conversion back and forth yields same result: parsed to js 1`] = `
GameLog {
  "log": Array [
    Object {
      "payload": Object {
        "block": 0,
        "from": 1,
        "orientation": 0,
        "x": 0,
        "y": 0,
      },
      "type": 1,
    },
    Object {
      "payload": Object {
        "block": 3,
        "from": 0,
      },
      "type": 0,
    },
    Object {
      "payload": Object {
        "block": 3,
        "from": 0,
        "orientation": 0,
        "x": 0,
        "y": 1,
      },
      "type": 1,
    },
    Object {
      "payload": Object {
        "block": 0,
        "from": 1,
      },
      "type": 0,
    },
    Object {
      "payload": Object {
        "block": 0,
        "from": 1,
        "orientation": 0,
        "x": 0,
        "y": 3,
      },
      "type": 1,
    },
    Object {
      "payload": Object {
        "block": 1,
        "from": 0,
      },
      "type": 0,
    },
    Object {
      "payload": Object {
        "block": 1,
        "from": 0,
        "orientation": 0,
        "x": 0,
        "y": 4,
      },
      "type": 1,
    },
    Object {
      "payload": Object {
        "block": 2,
        "from": 1,
      },
      "type": 0,
    },
    Object {
      "payload": Object {
        "block": 2,
        "from": 1,
        "orientation": 0,
        "x": 1,
        "y": 6,
      },
      "type": 1,
    },
    Object {
      "payload": Object {
        "block": 2,
        "from": 0,
      },
      "type": 0,
    },
    Object {
      "payload": Object {
        "block": 2,
        "from": 0,
        "orientation": 1,
        "x": 0,
        "y": 8,
      },
      "type": 1,
    },
    Object {
      "payload": Object {
        "block": 0,
        "from": 1,
      },
      "type": 0,
    },
    Object {
      "payload": Object {
        "block": 0,
        "from": 1,
        "orientation": 0,
        "x": 1,
        "y": 9,
      },
      "type": 1,
    },
    Object {
      "payload": Object {
        "block": 2,
        "from": 0,
      },
      "type": 0,
    },
    Object {
      "payload": Object {
        "block": 2,
        "from": 0,
        "orientation": 0,
        "x": 1,
        "y": 10,
      },
      "type": 1,
    },
    Object {
      "payload": Object {
        "block": 0,
        "from": 1,
      },
      "type": 0,
    },
    Object {
      "payload": Object {
        "block": 0,
        "from": 1,
        "orientation": 0,
        "x": 0,
        "y": 12,
      },
      "type": 1,
    },
    Object {
      "payload": Object {
        "block": 4,
        "from": 0,
      },
      "type": 0,
    },
    Object {
      "payload": Object {
        "block": 4,
        "from": 0,
        "orientation": 0,
        "x": 0,
        "y": 13,
      },
      "type": 1,
    },
    Object {
      "payload": Object {
        "block": 3,
        "from": 1,
      },
      "type": 0,
    },
    Object {
      "payload": Object {
        "block": 3,
        "from": 1,
        "orientation": 0,
        "x": 0,
        "y": 14,
      },
      "type": 1,
    },
    Object {
      "payload": Object {
        "block": 0,
        "from": 0,
      },
      "type": 0,
    },
    Object {
      "payload": Object {
        "block": 0,
        "from": 0,
        "orientation": 0,
        "x": 0,
        "y": 16,
      },
      "type": 1,
    },
    Object {
      "payload": Object {
        "block": 1,
        "from": 1,
      },
      "type": 0,
    },
    Object {
      "payload": Object {
        "block": 1,
        "from": 1,
        "orientation": 0,
        "x": 0,
        "y": 17,
      },
      "type": 1,
    },
    Object {
      "payload": Object {
        "block": 3,
        "from": 0,
      },
      "type": 0,
    },
    Object {
      "payload": Object {
        "block": 3,
        "from": 0,
        "orientation": 0,
        "x": 0,
        "y": 19,
      },
      "type": 1,
    },
    Object {
      "payload": Object {
        "block": 3,
        "from": 1,
      },
      "type": 0,
    },
    Object {
      "payload": Object {
        "block": 3,
        "from": 1,
        "orientation": 0,
        "x": 3,
        "y": 17,
      },
      "type": 1,
    },
    Object {
      "payload": Object {
        "block": 4,
        "from": 0,
      },
      "type": 0,
    },
    Object {
      "payload": Object {
        "block": 4,
        "from": 0,
        "orientation": 0,
        "x": 3,
        "y": 19,
      },
      "type": 1,
    },
    Object {
      "payload": Object {
        "block": 3,
        "from": 1,
      },
      "type": 0,
    },
    Object {
      "payload": Object {
        "block": 3,
        "from": 1,
        "orientation": 0,
        "x": 6,
        "y": 0,
      },
      "type": 1,
    },
    Object {
      "payload": Object {
        "block": 2,
        "from": 0,
      },
      "type": 0,
    },
    Object {
      "payload": Object {
        "block": 2,
        "from": 0,
        "orientation": 1,
        "x": 6,
        "y": 2,
      },
      "type": 1,
    },
    Object {
      "payload": Object {
        "block": 1,
        "from": 1,
      },
      "type": 0,
    },
    Object {
      "payload": Object {
        "block": 1,
        "from": 1,
        "orientation": 0,
        "x": 6,
        "y": 4,
      },
      "type": 1,
    },
    Object {
      "payload": Object {
        "block": 3,
        "from": 0,
      },
      "type": 0,
    },
    Object {
      "payload": Object {
        "block": 3,
        "from": 0,
        "orientation": 0,
        "x": 6,
        "y": 6,
      },
      "type": 1,
    },
    Object {
      "payload": Object {
        "block": 3,
        "from": 1,
      },
      "type": 0,
    },
    Object {
      "payload": Object {
        "block": 3,
        "from": 1,
        "orientation": 0,
        "x": 6,
        "y": 8,
      },
      "type": 1,
    },
    Object {
      "payload": Object {
        "block": 3,
        "from": 0,
      },
      "type": 0,
    },
    Object {
      "payload": Object {
        "block": 3,
        "from": 0,
        "orientation": 0,
        "x": 6,
        "y": 10,
      },
      "type": 1,
    },
    Object {
      "payload": Object {
        "block": 1,
        "from": 1,
      },
      "type": 0,
    },
    Object {
      "payload": Object {
        "block": 1,
        "from": 1,
        "orientation": 0,
        "x": 6,
        "y": 12,
      },
      "type": 1,
    },
    Object {
      "payload": Object {
        "block": 3,
        "from": 0,
      },
      "type": 0,
    },
    Object {
      "payload": Object {
        "block": 3,
        "from": 0,
        "orientation": 0,
        "x": 6,
        "y": 14,
      },
      "type": 1,
    },
    Object {
      "payload": Object {
        "block": 0,
        "from": 1,
      },
      "type": 0,
    },
    Object {
      "payload": Object {
        "block": 0,
        "from": 1,
        "orientation": 0,
        "x": 6,
        "y": 16,
      },
      "type": 1,
    },
    Object {
      "payload": Object {
        "block": 2,
        "from": 0,
      },
      "type": 0,
    },
    Object {
      "payload": Object {
        "block": 2,
        "from": 0,
        "orientation": 1,
        "x": 6,
        "y": 18,
      },
      "type": 1,
    },
    Object {
      "payload": Object {
        "block": 2,
        "from": 1,
      },
      "type": 0,
    },
    Object {
      "payload": Object {
        "block": 2,
        "from": 1,
        "orientation": 2,
        "x": 7,
        "y": 20,
      },
      "type": 1,
    },
    Object {
      "payload": Object {
        "block": 3,
        "from": 0,
        "reason": 0,
      },
      "type": 2,
    },
    Object {
      "payload": Object {
        "block": 3,
        "from": 1,
      },
      "type": 0,
    },
    Object {
      "payload": Object {
        "block": 3,
        "from": 1,
        "orientation": 1,
        "x": 9,
        "y": 18,
      },
      "type": 1,
    },
    Object {
      "payload": Object {
        "block": 1,
        "from": 0,
      },
      "type": 0,
    },
    Object {
      "payload": Object {
        "play_index": 0,
      },
      "type": 3,
    },
    Object {
      "payload": Object {
        "block": 1,
        "from": 0,
        "orientation": 0,
        "x": 9,
        "y": 19,
      },
      "type": 1,
    },
    Object {
      "payload": Object {
        "block": 0,
        "from": 1,
        "reason": 0,
      },
      "type": 2,
    },
    Object {
      "payload": Object {
        "block": 1,
        "from": 1,
        "reason": 1,
      },
      "type": 2,
    },
    Object {
      "payload": Object {
        "block": 3,
        "from": 0,
        "reason": 0,
      },
      "type": 2,
    },
    Object {
      "payload": Object {
        "block": 0,
        "from": 1,
        "reason": 0,
      },
      "type": 2,
    },
    Object {
      "payload": Object {
        "block": 1,
        "from": 0,
        "reason": 1,
      },
      "type": 2,
    },
  ],
}
`;
